HI-TECH Software C Compiler 

Linker command line:

\
  --edf=D:\OneDrive\SmarRF\MCU\MC82\IDE\ORIGINIDE_V2.0.9\Program Files (x86)\HI-TECH Software\PICC\9.83\dat\en_msgs.txt \
  -cs -h+smartkey.sym -z -Q16F685 -ol.obj -Msmartkey.map -E1 \
  -ACONST=00h-0FFhx8 -ACODE=00h-07FFh -ASTRCODE=00h-07FFh \
  -AENTRY=00h-0FFhx8 -ASTRING=00h-0FFhx8 -ABANK0=020h-06Fh \
  -ABANK1=0A0h-0BFh -ARAM=020h-06Fh,0A0h-0BFh -AABS1=020h-07Fh,0A0h-0BFh \
  -ACOMMON=070h-07Fh -ASFR0=00h-01Fh -ASFR1=080h-09Fh \
  -preset_vec=00h,intentry=04h,init,end_init -ppowerup=CODE -pfunctab=CODE \
  -ACONFIG=02007h-02007h -pconfig=CONFIG -DCONFIG=2 -AIDLOC=02000h-02003h \
  -pidloc=IDLOC -DIDLOC=2 -AEEDATA=00h-0FFh/02100h -peeprom_data=EEDATA \
  -DEEDATA=2 -DCODE=2 -DSTRCODE=2 -DSTRING=2 -DCONST=2 -DENTRY=2 -k \
  startup.obj smartkey.obj 

Object code version is 3.10

Machine type is 16F685



                Name                               Link     Load   Length Selector   Space Scale
startup.obj     end_init                              A        A        1        8       0
                reset_vec                             0        0        1        0       0
smartkey.obj    intentry                              4        4        6        8       0
                text883                             6D6      6D6        8        8       0
                text882                             61F      61F       18        8       0
                text881                             3DB      3DB       86        8       0
                text880                             6B5      6B5        D        8       0
                text879                             604      604       1B        8       0
                text878                             676      676       13        8       0
                text877                             6E8      6E8        5      DC6       0
                text876                             6E3      6E3        5      DC6       0
                text875                             6C2      6C2        C        8       0
                text874                             4A6      4A6       45        8       0
                text873                             64D      64D       16        8       0
                text872                             689      689       10        8       0
                text871                             5E9      5E9       1B        8       0
                text870                             461      461       45        8       0
                text869                             637      637       16        8       0
                text868                             6CE      6CE        8        8       0
                text867                             5CA      5CA       1F        8       0
                text866                             663      663       13        8       0
                text865                             6A8      6A8        D        8       0
                text864                             52A      52A       3D        8       0
                text863                             4EB      4EB       3F        8       0
                text862                             5A2      5A2       28        8       0
                text861                             567      567       3B        8       0
                swtext1                             6DE      6DE        5      DBC       0
                maintext                              B        B      3D0        8       0
                cstackBANK0                          20       20       25       20       1
                cstackCOMMON                         75       75        5       70       1
                bssBANK0                             45       45        8       20       1
                bssCOMMON                            70       70        5       70       1
                cinit                               699      699        F        8       0

TOTAL           Name                               Link     Load   Length     Space
        CLASS   CONST          
                swtext1                             6DE      6DE        5         0

        CLASS   CODE           
                end_init                              A        A        1         0
                intentry                              4        4        6         0
                reset_vec                             0        0        1         0
                text883                             6D6      6D6        8         0
                text882                             61F      61F       18         0
                text881                             3DB      3DB       86         0
                text880                             6B5      6B5        D         0
                text879                             604      604       1B         0
                text878                             676      676       13         0
                text877                             6E8      6E8        5         0
                text876                             6E3      6E3        5         0
                text875                             6C2      6C2        C         0
                text874                             4A6      4A6       45         0
                text873                             64D      64D       16         0
                text872                             689      689       10         0
                text871                             5E9      5E9       1B         0
                text870                             461      461       45         0
                text869                             637      637       16         0
                text868                             6CE      6CE        8         0
                text867                             5CA      5CA       1F         0
                text866                             663      663       13         0
                text865                             6A8      6A8        D         0
                text864                             52A      52A       3D         0
                text863                             4EB      4EB       3F         0
                text862                             5A2      5A2       28         0
                text861                             567      567       3B         0
                maintext                              B        B      3D0         0
                cinit                               699      699        F         0

        CLASS   STRCODE        

        CLASS   ENTRY          

        CLASS   STRING         

        CLASS   BANK0          
                cstackBANK0                          20       20       25         1
                bssBANK0                             45       45        8         1

        CLASS   BANK1          

        CLASS   RAM            

        CLASS   ABS1           
                abs_s1                               7E       7E        2         1
                abs_s1                              10E      10E        2         1
                abs_s1                              115      115        2         1
                abs_s1                              118      118        4         1
                abs_s1                              11E      11E        2         1
                abs_s1                              18C      18C        1         1
                abs_s1                              19D      19D        2         1

        CLASS   COMMON         
                cstackCOMMON                         75       75        5         1
                bssCOMMON                            70       70        5         1

        CLASS   SFR0           

        CLASS   SFR1           

        CLASS   CONFIG         

        CLASS   IDLOC          

        CLASS   EEDATA         



SEGMENTS        Name                           Load    Length   Top    Selector   Space  Class     Delta

                reset_vec                      000000  000001  000001         0       0  CODE        2
                intentry                       000004  0006DA  0006DE         8       0  CODE        2
                cstackBANK0                    000020  00002D  00004D        20       1  BANK0       1
                bssCOMMON                      000070  00000A  00007A        70       1  COMMON      1
                swtext1                        0006DE  000005  0006E3       DBC       0  CONST       2
                text876                        0006E3  00000A  0006ED       DC6       0  CODE        2


UNUSED ADDRESS RANGES

        Name                Unused          Largest block    Delta
        BANK0            04D-06F            23           1
        BANK1            0A0-0BF            20           1
        CODE             001-003             3           2
                         6ED-7FF           113
        COMMON           07A-07D             4           1
        CONFIG           2007-2007             1           2
        CONST            001-003             3           2
                         6ED-7FF            13
        EEDATA           2100-21FF           100           2
        ENTRY            001-003             3           2
                         6ED-7FF            13
        IDLOC            2000-2003             4           2
        RAM              04D-06F            23           1
                         0A0-0BF            20
        SFR0             000-01F            20           1
        SFR1             080-09F            20           1
        STRCODE          001-003             3           2
                         6ED-7FF           113
        STRING           001-003             3           2
                         6ED-7FF            13

                                  Symbol Table

??_AccRead                 cstackBANK0  027
??_AccWrite                cstackBANK0  026
??_ISR                     cstackCOMMON 077
??_READ_EEPROM             cstackBANK0  020
??_WRITE_EEPROM            cstackBANK0  021
??___awdiv                 cstackBANK0  024
??_beep                    cstackBANK0  025
??_beepOff                 cstackBANK0  020
??_beepOn                  cstackBANK0  020
??_compe                   cstackBANK0  022
??_delay_x10ms             cstackBANK0  022
??_gpio_init               cstackBANK0  020
??_int_init                cstackBANK0  020
??_main                    cstackBANK0  02C
??_setState                cstackBANK0  022
??_swI2C_Init              cstackBANK0  020
??_swI2C_ReadByte          cstackBANK0  020
??_swI2C_Start             cstackBANK0  020
??_swI2C_Stop              cstackBANK0  020
??_swI2C_WriteByte         cstackBANK0  020
??_sys_init                cstackBANK0  020
??_timer_init              cstackBANK0  020
??i1_READ_EEPROM           cstackCOMMON 075
??i1_WRITE_EEPROM          cstackCOMMON 076
?_AccRead                  cstackBANK0  024
?_AccWrite                 cstackBANK0  023
?_ISR                      cstackCOMMON 075
?_READ_EEPROM              cstackCOMMON 075
?_WRITE_EEPROM             cstackBANK0  020
?___awdiv                  cstackBANK0  020
?_beep                     cstackBANK0  024
?_beepOff                  cstackCOMMON 075
?_beepOn                   cstackCOMMON 075
?_compe                    cstackBANK0  020
?_delay_x10ms              cstackBANK0  020
?_gpio_init                cstackCOMMON 075
?_int_init                 cstackCOMMON 075
?_main                     cstackCOMMON 075
?_setState                 cstackBANK0  020
?_swI2C_Init               cstackCOMMON 075
?_swI2C_ReadByte           cstackCOMMON 075
?_swI2C_Start              cstackCOMMON 075
?_swI2C_Stop               cstackCOMMON 075
?_swI2C_WriteByte          cstackCOMMON 075
?_sys_init                 cstackCOMMON 075
?_timer_init               cstackCOMMON 075
?i1_READ_EEPROM            cstackCOMMON 075
?i1_WRITE_EEPROM           cstackCOMMON 075
AccRead@dat                cstackBANK0  024
AccRead@i                  cstackBANK0  02B
AccRead@len                cstackBANK0  026
AccRead@rAdd               cstackBANK0  02A
AccWrite@dat               cstackBANK0  023
AccWrite@i                 cstackBANK0  029
AccWrite@len               cstackBANK0  025
AccWrite@rAdd              cstackBANK0  028
ISR@tmp_1138               cstackCOMMON 079
READ_EEPROM@EEAddr         cstackBANK0  020
READ_EEPROM@ReEepromData   cstackBANK0  021
WRITE_EEPROM@EEAddr        cstackBANK0  021
WRITE_EEPROM@EEData        cstackBANK0  020
_ANS0                      (abs)        8F0
_ANS1                      (abs)        8F1
_ANS10                     (abs)        8FA
_ANS11                     (abs)        8FB
_ANS2                      (abs)        8F2
_ANS3                      (abs)        8F3
_ANS4                      (abs)        8F4
_ANS5                      (abs)        8F5
_ANS6                      (abs)        8F6
_ANS7                      (abs)        8F7
_ANS8                      (abs)        8F8
_ANS9                      (abs)        8F9
_ANSEL                     (abs)        11E
_ANSELH                    (abs)        11F
_AccRead                   text861      567
_AccWrite                  text862      5A2
_C1CH0                     (abs)        8C8
_C1CH1                     (abs)        8C9
_C1OE                      (abs)        8CD
_C1ON                      (abs)        8CF
_C1OUT                     (abs)        8CE
_C1POL                     (abs)        8CC
_C1R                       (abs)        8CA
_C1SEN                     (abs)        CF5
_C1VREN                    (abs)        8C7
_C2CH0                     (abs)        8D0
_C2CH1                     (abs)        8D1
_C2OE                      (abs)        8D5
_C2ON                      (abs)        8D7
_C2OUT                     (abs)        8D6
_C2POL                     (abs)        8D4
_C2R                       (abs)        8D2
_C2REN                     (abs)        CF4
_C2SYNC                    (abs)        8D8
_C2VREN                    (abs)        8C6
_CM1CON0                   (abs)        119
_CM2CON0                   (abs)        11A
_CM2CON1                   (abs)        11B
_EEADR                     (abs)        09B
_EEADRH                    (abs)        10F
_EECON1                    (abs)        09C
_EEDAT                     (abs)        09A
_EEDATH                    (abs)        10E
_EEIF                      (abs)        067
_EEPGD                     (abs)        C67
_GIE                       (abs)        05F
_HTS                       (abs)        47A
_INTCON                    (abs)        00B
_INTE                      (abs)        05C
_INTEDG                    (abs)        40E
_INTF                      (abs)        059
_IOCA5                     (abs)        4B5
_IOCB                      (abs)        116
_IOCB4                     (abs)        8B4
_IOCB5                     (abs)        8B5
_IOCB6                     (abs)        8B6
_IOCB7                     (abs)        8B7
_ISR                       text881      3DB
_MC1OUT                    (abs)        8DF
_MC2OUT                    (abs)        8DE
_MSCON                     (abs)        01B
_OPTION                    (abs)        081
_OSCCON                    (abs)        08F
_PAIE                      (abs)        05B
_PAIF                      (abs)        058
_PEIE                      (abs)        05E
_PIE1                      (abs)        08C
_PIR1                      (abs)        00C
_PORTA                     (abs)        005
_PORTC                     (abs)        007
_PR2H                      (abs)        092
_PR2L                      (abs)        091
_PSINKA                    (abs)        097
_PSINKC                    (abs)        09F
_PSRCA                     (abs)        088
_PSRCC                     (abs)        094
_PSTRCON                   (abs)        19D
_PULSR                     (abs)        CF2
_PULSS                     (abs)        CF3
_RA2                       (abs)        02A
_RA3                       (abs)        02B
_RA5                       (abs)        02D
_RA6                       (abs)        02E
_RA7                       (abs)        02F
_RC0                       (abs)        038
_RC1                       (abs)        039
_RD                        (abs)        4E0
_READ_EEPROM               text880      6B5
_RegStatus                 bssBANK0     049
_SR0                       (abs)        CF6
_SR1                       (abs)        CF7
_SRCON                     (abs)        19E
_STRA                      (abs)        CE8
_STRB                      (abs)        CE9
_STRC                      (abs)        CEA
_STRD                      (abs)        CEB
_STRSYNC                   (abs)        CEC
_T0CON0                    (abs)        01F
_T0IE                      (abs)        05D
_T0IF                      (abs)        05A
_T0ON                      (abs)        0FB
_T1GSS                     (abs)        8D9
_T2CON0                    (abs)        012
_TMR0                      (abs)        001
_TMR2H                     (abs)        013
_TMR2IE                    (abs)        461
_TMR2IF                    (abs)        061
_TMR2L                     (abs)        011
_TMR2ON                    (abs)        092
_TRISA                     (abs)        085
_TRISC                     (abs)        087
_VP6EN                     (abs)        8C4
_VR0                       (abs)        8C0
_VR1                       (abs)        8C1
_VR2                       (abs)        8C2
_VR3                       (abs)        8C3
_VRCON                     (abs)        118
_VRR                       (abs)        8C5
_WPUA                      (abs)        095
_WPUB                      (abs)        115
_WPUB4                     (abs)        8AC
_WPUB5                     (abs)        8AD
_WPUB6                     (abs)        8AE
_WPUB7                     (abs)        8AF
_WPUC                      (abs)        093
_WR                        (abs)        4E8
_WREN                      (abs)        C62
_WRITE_EEPROM              text879      604
__Habs1                    abs1         000
__Hbank0                   bank0        000
__Hbank1                   bank1        000
__HbssBANK0                bssBANK0     000
__HbssCOMMON               bssCOMMON    000
__Hcinit                   cinit        000
__Hclrtext                 clrtext      000
__Hcode                    code         000
__Hcommon                  common       000
__Hconfig                  config       000
__HcstackBANK0             cstackBANK0  000
__HcstackCOMMON            cstackCOMMON 000
__Heeprom_data             eeprom_data  000
__Hend_init                end_init     00B
__Hfunctab                 functab      000
__Hidloc                   idloc        000
__Hinit                    init         00A
__Hintentry                intentry     00A
__Hmaintext                maintext     000
__Hpa_nodes                pa_nodes     000
__Hpowerup                 powerup      000
__Hram                     ram          000
__Hreset_vec               reset_vec    001
__Hsfr0                    sfr0         000
__Hsfr1                    sfr1         000
__Hstrings                 strings      000
__Htext                    text         000
__Labs1                    abs1         000
__Lbank0                   bank0        000
__Lbank1                   bank1        000
__LbssBANK0                bssBANK0     000
__LbssCOMMON               bssCOMMON    000
__Lcinit                   cinit        000
__Lclrtext                 clrtext      000
__Lcode                    code         000
__Lcommon                  common       000
__Lconfig                  config       000
__LcstackBANK0             cstackBANK0  000
__LcstackCOMMON            cstackCOMMON 000
__Leeprom_data             eeprom_data  000
__Lend_init                end_init     00A
__Lfunctab                 functab      000
__Lidloc                   idloc        000
__Linit                    init         00A
__Lintentry                intentry     004
__Lmaintext                maintext     000
__Lpa_nodes                pa_nodes     000
__Lpowerup                 powerup      000
__Lram                     ram          000
__Lreset_vec               reset_vec    000
__Lsfr0                    sfr0         000
__Lsfr1                    sfr1         000
__Lstrings                 strings      000
__Ltext                    text         000
__S0                       (abs)        6ED
__S1                       (abs)        07A
__S2                       (abs)        000
___awdiv                   text870      461
___awdiv@counter           cstackBANK0  024
___awdiv@dividend          cstackBANK0  022
___awdiv@divisor           cstackBANK0  020
___awdiv@quotient          cstackBANK0  026
___awdiv@sign              cstackBANK0  025
__end_of_AccRead           text861      592
__end_of_AccWrite          text862      5CA
__end_of_ISR               text881      461
__end_of_READ_EEPROM       text880      6C2
__end_of_WRITE_EEPROM      text879      61F
__end_of___awdiv           text870      4A6
__end_of_beep              text869      64D
__end_of_beepOff           text877      6ED
__end_of_beepOn            text876      6E8
__end_of_compe             text874      4DF
__end_of_delay_x10ms       text878      689
__end_of_gpio_init         text873      663
__end_of_int_init          text871      604
__end_of_main              maintext     3DB
__end_of_setState          text875      6CE
__end_of_swI2C_Init        text867      5E9
__end_of_swI2C_ReadByte    text863      52A
__end_of_swI2C_Start       text866      676
__end_of_swI2C_Stop        text865      6B5
__end_of_swI2C_WriteByte   text864      567
__end_of_sys_init          text868      6D6
__end_of_timer_init        text872      699
__end_ofi1_READ_EEPROM     text883      6DE
__end_ofi1_WRITE_EEPROM    text882      637
__pbssBANK0                bssBANK0     045
__pbssCOMMON               bssCOMMON    070
__pcstackBANK0             cstackBANK0  020
__pcstackCOMMON            cstackCOMMON 075
__pintentry                intentry     004
__pmaintext                maintext     00B
__pswtext1                 swtext1      6DE
__ptext860                 text860      000
__ptext861                 text861      567
__ptext862                 text862      5A2
__ptext863                 text863      4EB
__ptext864                 text864      52A
__ptext865                 text865      6A8
__ptext866                 text866      663
__ptext867                 text867      5CA
__ptext868                 text868      6CE
__ptext869                 text869      637
__ptext870                 text870      461
__ptext871                 text871      5E9
__ptext872                 text872      689
__ptext873                 text873      64D
__ptext874                 text874      4A6
__ptext875                 text875      6C2
__ptext876                 text876      6E3
__ptext877                 text877      6E8
__ptext878                 text878      676
__ptext879                 text879      604
__ptext880                 text880      6B5
__ptext881                 text881      3DB
__ptext882                 text882      61F
__ptext883                 text883      6D6
__ptext884                 text884      000
__size_of_AccRead          (abs)        000
__size_of_AccWrite         (abs)        000
__size_of_ISR              (abs)        000
__size_of_READ_EEPROM      (abs)        000
__size_of_WRITE_EEPROM     (abs)        000
__size_of___awdiv          (abs)        000
__size_of_beep             (abs)        000
__size_of_beepOff          (abs)        000
__size_of_beepOn           (abs)        000
__size_of_compe            (abs)        000
__size_of_delay_x10ms      (abs)        000
__size_of_gpio_init        (abs)        000
__size_of_int_init         (abs)        000
__size_of_main             (abs)        000
__size_of_setState         (abs)        000
__size_of_swI2C_Init       (abs)        000
__size_of_swI2C_ReadByte   (abs)        000
__size_of_swI2C_Start      (abs)        000
__size_of_swI2C_Stop       (abs)        000
__size_of_swI2C_WriteByte  (abs)        000
__size_of_sys_init         (abs)        000
__size_of_timer_init       (abs)        000
__size_ofi1_READ_EEPROM    (abs)        000
__size_ofi1_WRITE_EEPROM   (abs)        000
_beep                      text869      637
_beepOff                   text877      6E8
_beepOn                    text876      6E3
_cntCyc                    bssCOMMON    072
_cntOff                    bssBANK0     04A
_cntTmp                    bssBANK0     045
_compe                     text874      4A6
_delay_x10ms               text878      676
_exit                      init         00A
_gpio_init                 text873      64D
_int_init                  text871      5E9
_lostDetect                bssBANK0     04B
_main                      maintext     00B
_mode_chek                 bssCOMMON    073
_mtOldState                bssBANK0     04C
_mtState                   bssCOMMON    074
_setState                  text875      6C2
_swI2C_Init                text867      5CA
_swI2C_ReadByte            text863      4EB
_swI2C_Start               text866      663
_swI2C_Stop                text865      6A8
_swI2C_WriteByte           text864      52A
_sys_init                  text868      6CE
_timeOut                   bssBANK0     047
_timeTick                  bssCOMMON    070
_timer_init                text872      689
beep@delay                 cstackBANK0  025
beep@rep                   cstackBANK0  024
btemp                      (abs)        07E
compe@a                    cstackBANK0  027
compe@b                    cstackBANK0  020
compe@dt                   cstackBANK0  021
delay_x10ms@set            cstackBANK0  022
delay_x10ms@t              cstackBANK0  020
end_of_initialization      cinit        6A6
i1READ_EEPROM@EEAddr       cstackCOMMON 075
i1READ_EEPROM@ReEepromData cstackCOMMON 076
i1WRITE_EEPROM@EEAddr      cstackCOMMON 076
i1WRITE_EEPROM@EEData      cstackCOMMON 075
i1_READ_EEPROM             text883      6D6
i1_WRITE_EEPROM            text882      61F
i1l5421                                    
i1l5427                                    
i1l5429                                    
i1l5435                                    
i1l5449                                    
i1l5455                                    
i1l5457                                    
i1l5459                                    
i1l5463                                    
i1l5467                                    
i1l5479                                    
i1l5489                                    
i1l5503                                    
i1l5667                                    
i1l5669                                    
i1l5671                                    
i1l5675                                    
i1l5679                                    
i1l5681                                    
i1l871                                     
i1l880                                     
interrupt_function         intentry     004
intlevel0                  functab      000
intlevel1                  functab      000
intlevel2                  functab      000
intlevel3                  functab      000
intlevel4                  functab      000
intlevel5                  functab      000
l1786                                      
l1789                                      
l1792                                      
l1795                                      
l2582                                      
l2585                                      
l2588                                      
l2596                                      
l2601                                      
l4233                                      
l6335                                      
l6337                                      
l6339                                      
l6343                                      
l6347                                      
l6349                                      
l6351                                      
l6355                                      
l6357                                      
l6359                                      
l6361                                      
l6363                                      
l6365                                      
l6403                                      
l6405                                      
l6407                                      
l6409                                      
l6411                                      
l6413                                      
l6415                                      
l6417                                      
l6419                                      
l6421                                      
l6423                                      
l6425                                      
l6427                                      
l6429                                      
l6431                                      
l6433                                      
l6435                                      
l6437                                      
l6439                                      
l6441                                      
l6443                                      
l6445                                      
l6447                                      
l6449                                      
l6451                                      
l6453                                      
l6455                                      
l6459                                      
l6465                                      
l6469                                      
l6479                                      
l6483                                      
l6487                                      
l6491                                      
l6497                                      
l6499                                      
l6501                                      
l6503                                      
l6505                                      
l6507                                      
l6511                                      
l6513                                      
l6515                                      
l6517                                      
l6519                                      
l6521                                      
l6523                                      
l6525                                      
l6527                                      
l6529                                      
l6531                                      
l6533                                      
l6535                                      
l6537                                      
l6539                                      
l6541                                      
l6543                                      
l6547                                      
l6549                                      
l6551                                      
l6553                                      
l6555                                      
l6557                                      
l6559                                      
l6561                                      
l6565                                      
l6567                                      
l6569                                      
l6571                                      
l6573                                      
l6577                                      
l6579                                      
l6581                                      
l6583                                      
l6585                                      
l6587                                      
l6589                                      
l6593                                      
l6603                                      
l6613                                      
l6627                                      
l6637                                      
l6643                                      
l6645                                      
l6663                                      
l6665                                      
l6667                                      
l6669                                      
l6671                                      
l6673                                      
l6675                                      
l6677                                      
l6679                                      
l6681                                      
l6683                                      
l6685                                      
l6687                                      
l6689                                      
l6691                                      
l6695                                      
l6701                                      
l6703                                      
l6705                                      
l6707                                      
l6709                                      
l6713                                      
l6717                                      
l6721                                      
l6723                                      
l6731                                      
l6733                                      
l6741                                      
l6751                                      
l6757                                      
l6761                                      
l6765                                      
l6767                                      
l6773                                      
l6785                                      
l6793                                      
l6797                                      
l6801                                      
l6803                                      
l6821                                      
l6829                                      
l6831                                      
l6837                                      
l6839                                      
l6841                                      
l6847                                      
l6851                                      
l6859                                      
l6865                                      
l6867                                      
l6871                                      
l6879                                      
l6885                                      
l6887                                      
l6889                                      
l6891                                      
l6899                                      
l6901                                      
l6903                                      
l6905                                      
l6921                                      
l6923                                      
l6927                                      
l6929                                      
l6931                                      
l6933                                      
l6935                                      
l6937                                      
l6941                                      
l6949                                      
l6951                                      
l6953                                      
l6955                                      
l6961                                      
l6963                                      
l6973                                      
l6975                                      
l6977                                      
l6979                                      
l6993                                      
l6995                                      
l6997                                      
l7005                                      
l7009                                      
l7011                                      
l7013                                      
l7015                                      
l7017                                      
l7025                                      
l7027                                      
l7031                                      
l7037                                      
l7041                                      
l7043                                      
l7045                                      
l7055                                      
l7059                                      
l7061                                      
l7063                                      
l7069                                      
l7077                                      
l7083                                      
l7085                                      
l7089                                      
l7097                                      
l7099                                      
l7101                                      
l856                                       
l859                                       
l862                                       
l868                                       
l871                                       
l880                                       
l883                                       
main@acXOld                cstackBANK0  034
main@acXsum                cstackBANK0  038
main@acYOld                cstackBANK0  033
main@acYsum                cstackBANK0  036
main@buf                   cstackBANK0  03A
main@isFall                cstackBANK0  032
main@isSw                  cstackBANK0  041
main@isWait                cstackBANK0  02F
main@mpuOk                 cstackBANK0  035
main@reAlertOn             cstackBANK0  040
main@tmp16                 cstackBANK0  042
main@tmp8                  cstackBANK0  044
main@vibrateOn             cstackBANK0  031
reset_vec                  reset_vec    000
saved_w                    (abs)        07E
setState@_tOut             cstackBANK0  020
setState@stt               cstackBANK0  022
start                      init         00A
start_initialization       cinit        699
swI2C_ReadByte@Ack         cstackBANK0  021
swI2C_ReadByte@dat         cstackBANK0  022
swI2C_ReadByte@i           cstackBANK0  023
swI2C_WriteByte@dat        cstackBANK0  021
swI2C_WriteByte@i          cstackBANK0  022
wtemp0                     (abs)        07E
