HI-TECH Software C Compiler 

Linker command line:

\
  --edf=D:\OneDrive\SmarRF\MCU\MC82\IDE\ORIGINIDE_V2.0.9\Program Files (x86)\HI-TECH Software\PICC\9.83\dat\en_msgs.txt \
  -cs -h+smartkey.sym -z -Q16F685 -ol.obj -Msmartkey.map -E1 \
  -ACONST=00h-0FFhx8 -ACODE=00h-07FFh -ASTRCODE=00h-07FFh \
  -AENTRY=00h-0FFhx8 -ASTRING=00h-0FFhx8 -ABANK0=020h-06Fh \
  -ABANK1=0A0h-0BFh -ARAM=020h-06Fh,0A0h-0BFh -AABS1=020h-07Fh,0A0h-0BFh \
  -ACOMMON=070h-07Fh -ASFR0=00h-01Fh -ASFR1=080h-09Fh \
  -preset_vec=00h,intentry=04h,init,end_init -ppowerup=CODE -pfunctab=CODE \
  -ACONFIG=02007h-02007h -pconfig=CONFIG -DCONFIG=2 -AIDLOC=02000h-02003h \
  -pidloc=IDLOC -DIDLOC=2 -AEEDATA=00h-0FFh/02100h -peeprom_data=EEDATA \
  -DEEDATA=2 -DCODE=2 -DSTRCODE=2 -DSTRING=2 -DCONST=2 -DENTRY=2 -k \
  startup.obj smartkey.obj 

Object code version is 3.10

Machine type is 16F685



                Name                               Link     Load   Length Selector   Space Scale
startup.obj     end_init                              A        A        1        8       0
                reset_vec                             0        0        1        0       0
smartkey.obj    intentry                              4        4        6        8       0
                text899                             6DB      6DB        8        8       0
                text898                             626      626       18        8       0
                text897                             3F6      3F6       86        8       0
                text896                             6BA      6BA        D        8       0
                text895                             60B      60B       1B        8       0
                text894                             67D      67D       13        8       0
                text893                             6E3      6E3        6        8       0
                text892                             6EE      6EE        5      DDC       0
                text891                             6C7      6C7        C        8       0
                text890                             53C      53C       3D        8       0
                text889                             654      654       16        8       0
                text888                             690      690       10        8       0
                text887                             5F0      5F0       1B        8       0
                text886                             47C      47C       45        8       0
                text885                             63E      63E       16        8       0
                text884                             6D3      6D3        8        8       0
                text883                             5D1      5D1       1F        8       0
                text882                             66A      66A       13        8       0
                text881                             6AD      6AD        D        8       0
                text880                             4FF      4FF       3D        8       0
                text879                             4C1      4C1       3E        8       0
                text878                             5B0      5B0       21        8       0
                text877                             579      579       37        8       0
                swtext1                             6E9      6E9        5      DD2       0
                maintext                              B        B      3EB        8       0
                cstackBANK0                          20       20       21       20       1
                cstackCOMMON                         75       75        5       70       1
                bssBANK0                             41       41        6       20       1
                bssCOMMON                            70       70        5       70       1
                cinit                               6A0      6A0        D        8       0

TOTAL           Name                               Link     Load   Length     Space
        CLASS   CONST          
                swtext1                             6E9      6E9        5         0

        CLASS   CODE           
                end_init                              A        A        1         0
                intentry                              4        4        6         0
                reset_vec                             0        0        1         0
                text899                             6DB      6DB        8         0
                text898                             626      626       18         0
                text897                             3F6      3F6       86         0
                text896                             6BA      6BA        D         0
                text895                             60B      60B       1B         0
                text894                             67D      67D       13         0
                text893                             6E3      6E3        6         0
                text892                             6EE      6EE        5         0
                text891                             6C7      6C7        C         0
                text890                             53C      53C       3D         0
                text889                             654      654       16         0
                text888                             690      690       10         0
                text887                             5F0      5F0       1B         0
                text886                             47C      47C       45         0
                text885                             63E      63E       16         0
                text884                             6D3      6D3        8         0
                text883                             5D1      5D1       1F         0
                text882                             66A      66A       13         0
                text881                             6AD      6AD        D         0
                text880                             4FF      4FF       3D         0
                text879                             4C1      4C1       3E         0
                text878                             5B0      5B0       21         0
                text877                             579      579       37         0
                maintext                              B        B      3EB         0
                cinit                               6A0      6A0        D         0

        CLASS   STRCODE        

        CLASS   ENTRY          

        CLASS   STRING         

        CLASS   BANK0          
                cstackBANK0                          20       20       21         1
                bssBANK0                             41       41        6         1

        CLASS   BANK1          

        CLASS   RAM            

        CLASS   ABS1           
                abs_s1                               7E       7E        2         1
                abs_s1                              10E      10E        2         1
                abs_s1                              115      115        2         1
                abs_s1                              118      118        4         1
                abs_s1                              11E      11E        2         1
                abs_s1                              18C      18C        1         1
                abs_s1                              19D      19D        2         1

        CLASS   COMMON         
                cstackCOMMON                         75       75        5         1
                bssCOMMON                            70       70        5         1

        CLASS   SFR0           

        CLASS   SFR1           

        CLASS   CONFIG         

        CLASS   IDLOC          

        CLASS   EEDATA         



SEGMENTS        Name                           Load    Length   Top    Selector   Space  Class     Delta

                reset_vec                      000000  000001  000001         0       0  CODE        2
                intentry                       000004  0006E5  0006E9         8       0  CODE        2
                cstackBANK0                    000020  000027  000047        20       1  BANK0       1
                bssCOMMON                      000070  00000A  00007A        70       1  COMMON      1
                swtext1                        0006E9  000005  0006EE       DD2       0  CONST       2
                text892                        0006EE  000005  0006F3       DDC       0  CODE        2


UNUSED ADDRESS RANGES

        Name                Unused          Largest block    Delta
        BANK0            047-06F            29           1
        BANK1            0A0-0BF            20           1
        CODE             001-003             3           2
                         6F3-7FF           10D
        COMMON           07A-07D             4           1
        CONFIG           2007-2007             1           2
        CONST            001-003             3           2
                         6F3-7FF             D
        EEDATA           2100-21FF           100           2
        ENTRY            001-003             3           2
                         6F3-7FF             D
        IDLOC            2000-2003             4           2
        RAM              047-06F            29           1
                         0A0-0BF            20
        SFR0             000-01F            20           1
        SFR1             080-09F            20           1
        STRCODE          001-003             3           2
                         6F3-7FF           10D
        STRING           001-003             3           2
                         6F3-7FF             D

                                  Symbol Table

??_AccRead                 cstackBANK0  026
??_AccWrite                cstackBANK0  025
??_ISR                     cstackCOMMON 077
??_READ_EEPROM             cstackBANK0  020
??_WRITE_EEPROM            cstackBANK0  021
??___awdiv                 cstackBANK0  024
??_beep                    cstackBANK0  025
??_beepOff                 cstackBANK0  020
??_beepOn                  cstackBANK0  020
??_compe                   cstackBANK0  022
??_delay_x10ms             cstackBANK0  022
??_gpio_init               cstackBANK0  020
??_int_init                cstackBANK0  020
??_main                    cstackBANK0  02A
??_setState                cstackBANK0  022
??_swI2C_Init              cstackBANK0  020
??_swI2C_ReadByte          cstackBANK0  020
??_swI2C_Start             cstackBANK0  020
??_swI2C_Stop              cstackBANK0  020
??_swI2C_WriteByte         cstackBANK0  020
??_sys_init                cstackBANK0  020
??_timer_init              cstackBANK0  020
??i1_READ_EEPROM           cstackCOMMON 075
??i1_WRITE_EEPROM          cstackCOMMON 076
?_AccRead                  cstackBANK0  024
?_AccWrite                 cstackBANK0  023
?_ISR                      cstackCOMMON 075
?_READ_EEPROM              cstackCOMMON 075
?_WRITE_EEPROM             cstackBANK0  020
?___awdiv                  cstackBANK0  020
?_beep                     cstackBANK0  024
?_beepOff                  cstackCOMMON 075
?_beepOn                   cstackCOMMON 075
?_compe                    cstackBANK0  020
?_delay_x10ms              cstackBANK0  020
?_gpio_init                cstackCOMMON 075
?_int_init                 cstackCOMMON 075
?_main                     cstackCOMMON 075
?_setState                 cstackBANK0  020
?_swI2C_Init               cstackCOMMON 075
?_swI2C_ReadByte           cstackCOMMON 075
?_swI2C_Start              cstackCOMMON 075
?_swI2C_Stop               cstackCOMMON 075
?_swI2C_WriteByte          cstackCOMMON 075
?_sys_init                 cstackCOMMON 075
?_timer_init               cstackCOMMON 075
?i1_READ_EEPROM            cstackCOMMON 075
?i1_WRITE_EEPROM           cstackCOMMON 075
AccRead@dat                cstackBANK0  024
AccRead@i                  cstackBANK0  029
AccRead@len                cstackBANK0  025
AccRead@rAdd               cstackBANK0  028
AccWrite@dat               cstackBANK0  023
AccWrite@i                 cstackBANK0  027
AccWrite@len               cstackBANK0  024
AccWrite@rAdd              cstackBANK0  026
ISR@tmp                    cstackCOMMON 079
READ_EEPROM@EEAddr         cstackBANK0  020
READ_EEPROM@ReEepromData   cstackBANK0  021
WRITE_EEPROM@EEAddr        cstackBANK0  021
WRITE_EEPROM@EEData        cstackBANK0  020
_ANS0                      (abs)        8F0
_ANS1                      (abs)        8F1
_ANS10                     (abs)        8FA
_ANS11                     (abs)        8FB
_ANS2                      (abs)        8F2
_ANS3                      (abs)        8F3
_ANS4                      (abs)        8F4
_ANS5                      (abs)        8F5
_ANS6                      (abs)        8F6
_ANS7                      (abs)        8F7
_ANS8                      (abs)        8F8
_ANS9                      (abs)        8F9
_ANSEL                     (abs)        11E
_ANSELH                    (abs)        11F
_AccRead                   text877      579
_AccWrite                  text878      5B0
_C1CH0                     (abs)        8C8
_C1CH1                     (abs)        8C9
_C1OE                      (abs)        8CD
_C1ON                      (abs)        8CF
_C1OUT                     (abs)        8CE
_C1POL                     (abs)        8CC
_C1R                       (abs)        8CA
_C1SEN                     (abs)        CF5
_C1VREN                    (abs)        8C7
_C2CH0                     (abs)        8D0
_C2CH1                     (abs)        8D1
_C2OE                      (abs)        8D5
_C2ON                      (abs)        8D7
_C2OUT                     (abs)        8D6
_C2POL                     (abs)        8D4
_C2R                       (abs)        8D2
_C2REN                     (abs)        CF4
_C2SYNC                    (abs)        8D8
_C2VREN                    (abs)        8C6
_CM1CON0                   (abs)        119
_CM2CON0                   (abs)        11A
_CM2CON1                   (abs)        11B
_EEADR                     (abs)        09B
_EEADRH                    (abs)        10F
_EECON1                    (abs)        09C
_EEDAT                     (abs)        09A
_EEDATH                    (abs)        10E
_EEIF                      (abs)        067
_EEPGD                     (abs)        C67
_GIE                       (abs)        05F
_HTS                       (abs)        47A
_INTCON                    (abs)        00B
_INTE                      (abs)        05C
_INTEDG                    (abs)        40E
_INTF                      (abs)        059
_IOCA5                     (abs)        4B5
_IOCB                      (abs)        116
_IOCB4                     (abs)        8B4
_IOCB5                     (abs)        8B5
_IOCB6                     (abs)        8B6
_IOCB7                     (abs)        8B7
_ISR                       text897      3F6
_MC1OUT                    (abs)        8DF
_MC2OUT                    (abs)        8DE
_MSCON                     (abs)        01B
_OPTION                    (abs)        081
_OSCCON                    (abs)        08F
_PAIE                      (abs)        05B
_PAIF                      (abs)        058
_PEIE                      (abs)        05E
_PIE1                      (abs)        08C
_PIR1                      (abs)        00C
_PORTA                     (abs)        005
_PORTC                     (abs)        007
_PR2H                      (abs)        092
_PR2L                      (abs)        091
_PSINKA                    (abs)        097
_PSINKC                    (abs)        09F
_PSRCA                     (abs)        088
_PSRCC                     (abs)        094
_PSTRCON                   (abs)        19D
_PULSR                     (abs)        CF2
_PULSS                     (abs)        CF3
_RA2                       (abs)        02A
_RA3                       (abs)        02B
_RA5                       (abs)        02D
_RA6                       (abs)        02E
_RA7                       (abs)        02F
_RC0                       (abs)        038
_RC1                       (abs)        039
_RD                        (abs)        4E0
_READ_EEPROM               text896      6BA
_RegStatus                 bssCOMMON    072
_SR0                       (abs)        CF6
_SR1                       (abs)        CF7
_SRCON                     (abs)        19E
_STRA                      (abs)        CE8
_STRB                      (abs)        CE9
_STRC                      (abs)        CEA
_STRD                      (abs)        CEB
_STRSYNC                   (abs)        CEC
_T0CON0                    (abs)        01F
_T0IE                      (abs)        05D
_T0IF                      (abs)        05A
_T0ON                      (abs)        0FB
_T1GSS                     (abs)        8D9
_T2CON0                    (abs)        012
_TMR0                      (abs)        001
_TMR2H                     (abs)        013
_TMR2IE                    (abs)        461
_TMR2IF                    (abs)        061
_TMR2L                     (abs)        011
_TMR2ON                    (abs)        092
_TRISA                     (abs)        085
_TRISC                     (abs)        087
_VP6EN                     (abs)        8C4
_VR0                       (abs)        8C0
_VR1                       (abs)        8C1
_VR2                       (abs)        8C2
_VR3                       (abs)        8C3
_VRCON                     (abs)        118
_VRR                       (abs)        8C5
_WPUA                      (abs)        095
_WPUB                      (abs)        115
_WPUB4                     (abs)        8AC
_WPUB5                     (abs)        8AD
_WPUB6                     (abs)        8AE
_WPUB7                     (abs)        8AF
_WPUC                      (abs)        093
_WR                        (abs)        4E8
_WREN                      (abs)        C62
_WRITE_EEPROM              text895      60B
__Habs1                    abs1         000
__Hbank0                   bank0        000
__Hbank1                   bank1        000
__HbssBANK0                bssBANK0     000
__HbssCOMMON               bssCOMMON    000
__Hcinit                   cinit        000
__Hclrtext                 clrtext      000
__Hcode                    code         000
__Hcommon                  common       000
__Hconfig                  config       000
__HcstackBANK0             cstackBANK0  000
__HcstackCOMMON            cstackCOMMON 000
__Heeprom_data             eeprom_data  000
__Hend_init                end_init     00B
__Hfunctab                 functab      000
__Hidloc                   idloc        000
__Hinit                    init         00A
__Hintentry                intentry     00A
__Hmaintext                maintext     000
__Hpa_nodes                pa_nodes     000
__Hpowerup                 powerup      000
__Hram                     ram          000
__Hreset_vec               reset_vec    001
__Hsfr0                    sfr0         000
__Hsfr1                    sfr1         000
__Hstrings                 strings      000
__Htext                    text         000
__Labs1                    abs1         000
__Lbank0                   bank0        000
__Lbank1                   bank1        000
__LbssBANK0                bssBANK0     000
__LbssCOMMON               bssCOMMON    000
__Lcinit                   cinit        000
__Lclrtext                 clrtext      000
__Lcode                    code         000
__Lcommon                  common       000
__Lconfig                  config       000
__LcstackBANK0             cstackBANK0  000
__LcstackCOMMON            cstackCOMMON 000
__Leeprom_data             eeprom_data  000
__Lend_init                end_init     00A
__Lfunctab                 functab      000
__Lidloc                   idloc        000
__Linit                    init         00A
__Lintentry                intentry     004
__Lmaintext                maintext     000
__Lpa_nodes                pa_nodes     000
__Lpowerup                 powerup      000
__Lram                     ram          000
__Lreset_vec               reset_vec    000
__Lsfr0                    sfr0         000
__Lsfr1                    sfr1         000
__Lstrings                 strings      000
__Ltext                    text         000
__S0                       (abs)        6F3
__S1                       (abs)        07A
__S2                       (abs)        000
___awdiv                   text886      47C
___awdiv@counter           cstackBANK0  024
___awdiv@dividend          cstackBANK0  022
___awdiv@divisor           cstackBANK0  020
___awdiv@quotient          cstackBANK0  026
___awdiv@sign              cstackBANK0  025
__end_of_AccRead           text877      5B0
__end_of_AccWrite          text878      5D1
__end_of_ISR               text897      47C
__end_of_READ_EEPROM       text896      6C7
__end_of_WRITE_EEPROM      text895      626
__end_of___awdiv           text886      4C1
__end_of_beep              text885      654
__end_of_beepOff           text893      6E9
__end_of_beepOn            text892      6F3
__end_of_compe             text890      579
__end_of_delay_x10ms       text894      690
__end_of_gpio_init         text889      66A
__end_of_int_init          text887      60B
__end_of_main              maintext     3F6
__end_of_setState          text891      6D3
__end_of_swI2C_Init        text883      5F0
__end_of_swI2C_ReadByte    text879      4FF
__end_of_swI2C_Start       text882      67D
__end_of_swI2C_Stop        text881      6BA
__end_of_swI2C_WriteByte   text880      53C
__end_of_sys_init          text884      6DB
__end_of_timer_init        text888      6A0
__end_ofi1_READ_EEPROM     text899      6E3
__end_ofi1_WRITE_EEPROM    text898      63E
__pbssBANK0                bssBANK0     041
__pbssCOMMON               bssCOMMON    070
__pcstackBANK0             cstackBANK0  020
__pcstackCOMMON            cstackCOMMON 075
__pintentry                intentry     004
__pmaintext                maintext     00B
__pswtext1                 swtext1      6E9
__ptext876                 text876      000
__ptext877                 text877      579
__ptext878                 text878      5B0
__ptext879                 text879      4C1
__ptext880                 text880      4FF
__ptext881                 text881      6AD
__ptext882                 text882      66A
__ptext883                 text883      5D1
__ptext884                 text884      6D3
__ptext885                 text885      63E
__ptext886                 text886      47C
__ptext887                 text887      5F0
__ptext888                 text888      690
__ptext889                 text889      654
__ptext890                 text890      53C
__ptext891                 text891      6C7
__ptext892                 text892      6EE
__ptext893                 text893      6E3
__ptext894                 text894      67D
__ptext895                 text895      60B
__ptext896                 text896      6BA
__ptext897                 text897      3F6
__ptext898                 text898      626
__ptext899                 text899      6DB
__ptext900                 text900      000
__size_of_AccRead          (abs)        000
__size_of_AccWrite         (abs)        000
__size_of_ISR              (abs)        000
__size_of_READ_EEPROM      (abs)        000
__size_of_WRITE_EEPROM     (abs)        000
__size_of___awdiv          (abs)        000
__size_of_beep             (abs)        000
__size_of_beepOff          (abs)        000
__size_of_beepOn           (abs)        000
__size_of_compe            (abs)        000
__size_of_delay_x10ms      (abs)        000
__size_of_gpio_init        (abs)        000
__size_of_int_init         (abs)        000
__size_of_main             (abs)        000
__size_of_setState         (abs)        000
__size_of_swI2C_Init       (abs)        000
__size_of_swI2C_ReadByte   (abs)        000
__size_of_swI2C_Start      (abs)        000
__size_of_swI2C_Stop       (abs)        000
__size_of_swI2C_WriteByte  (abs)        000
__size_of_sys_init         (abs)        000
__size_of_timer_init       (abs)        000
__size_ofi1_READ_EEPROM    (abs)        000
__size_ofi1_WRITE_EEPROM   (abs)        000
_beep                      text885      63E
_beepOff                   text893      6E3
_beepOn                    text892      6EE
_cntCyc                    bssCOMMON    073
_cntOff                    bssBANK0     045
_cntTmp                    bssBANK0     041
_compe                     text890      53C
_delay_x10ms               text894      67D
_exit                      init         00A
_gpio_init                 text889      654
_int_init                  text887      5F0
_main                      maintext     00B
_mtOldState                bssBANK0     046
_mtState                   bssCOMMON    074
_setState                  text891      6C7
_swI2C_Init                text883      5D1
_swI2C_ReadByte            text879      4C1
_swI2C_Start               text882      66A
_swI2C_Stop                text881      6AD
_swI2C_WriteByte           text880      4FF
_sys_init                  text884      6D3
_timeOut                   bssBANK0     043
_timeTick                  bssCOMMON    070
_timer_init                text888      690
beep@delay                 cstackBANK0  025
beep@rep                   cstackBANK0  024
btemp                      (abs)        07E
compe@a                    cstackBANK0  024
compe@b                    cstackBANK0  020
compe@dt                   cstackBANK0  021
delay_x10ms@set            cstackBANK0  022
delay_x10ms@t              cstackBANK0  020
end_of_initialization      cinit        6AB
i1READ_EEPROM@EEAddr       cstackCOMMON 075
i1READ_EEPROM@ReEepromData cstackCOMMON 076
i1WRITE_EEPROM@EEAddr      cstackCOMMON 076
i1WRITE_EEPROM@EEData      cstackCOMMON 075
i1_READ_EEPROM             text899      6DB
i1_WRITE_EEPROM            text898      626
i1l5458                                    
i1l5460                                    
i1l5466                                    
i1l5468                                    
i1l5474                                    
i1l5488                                    
i1l5494                                    
i1l5496                                    
i1l5500                                    
i1l5504                                    
i1l5508                                    
i1l5520                                    
i1l5530                                    
i1l5544                                    
i1l5708                                    
i1l5710                                    
i1l5712                                    
i1l5716                                    
i1l5720                                    
i1l5722                                    
i1l867                                     
i1l876                                     
interrupt_function         intentry     004
intlevel0                  functab      000
intlevel1                  functab      000
intlevel2                  functab      000
intlevel3                  functab      000
intlevel4                  functab      000
intlevel5                  functab      000
l1797                                      
l1800                                      
l1803                                      
l1806                                      
l2593                                      
l2596                                      
l2599                                      
l2607                                      
l2612                                      
l4244                                      
l6416                                      
l6418                                      
l6420                                      
l6424                                      
l6428                                      
l6430                                      
l6432                                      
l6436                                      
l6438                                      
l6440                                      
l6442                                      
l6444                                      
l6446                                      
l6484                                      
l6486                                      
l6488                                      
l6490                                      
l6492                                      
l6494                                      
l6496                                      
l6498                                      
l6500                                      
l6502                                      
l6504                                      
l6506                                      
l6508                                      
l6510                                      
l6512                                      
l6514                                      
l6516                                      
l6518                                      
l6520                                      
l6522                                      
l6524                                      
l6526                                      
l6528                                      
l6530                                      
l6532                                      
l6534                                      
l6536                                      
l6540                                      
l6546                                      
l6550                                      
l6560                                      
l6564                                      
l6568                                      
l6572                                      
l6578                                      
l6580                                      
l6582                                      
l6584                                      
l6586                                      
l6588                                      
l6592                                      
l6594                                      
l6596                                      
l6598                                      
l6600                                      
l6602                                      
l6604                                      
l6606                                      
l6608                                      
l6610                                      
l6612                                      
l6614                                      
l6616                                      
l6618                                      
l6620                                      
l6622                                      
l6624                                      
l6628                                      
l6630                                      
l6632                                      
l6634                                      
l6636                                      
l6638                                      
l6640                                      
l6642                                      
l6646                                      
l6648                                      
l6650                                      
l6652                                      
l6654                                      
l6658                                      
l6660                                      
l6662                                      
l6664                                      
l6666                                      
l6668                                      
l6672                                      
l6674                                      
l6676                                      
l6678                                      
l6682                                      
l6692                                      
l6714                                      
l6724                                      
l6730                                      
l6732                                      
l6750                                      
l6752                                      
l6754                                      
l6756                                      
l6758                                      
l6760                                      
l6762                                      
l6764                                      
l6766                                      
l6768                                      
l6770                                      
l6772                                      
l6774                                      
l6776                                      
l6778                                      
l6782                                      
l6786                                      
l6790                                      
l6796                                      
l6798                                      
l6800                                      
l6802                                      
l6804                                      
l6808                                      
l6812                                      
l6820                                      
l6824                                      
l6828                                      
l6830                                      
l6834                                      
l6844                                      
l6856                                      
l6866                                      
l6874                                      
l6886                                      
l6888                                      
l6892                                      
l6894                                      
l6896                                      
l6902                                      
l6906                                      
l6908                                      
l6910                                      
l6930                                      
l6938                                      
l6940                                      
l6942                                      
l6948                                      
l6950                                      
l6952                                      
l6958                                      
l6962                                      
l6970                                      
l6976                                      
l6978                                      
l6982                                      
l6990                                      
l6998                                      
l7000                                      
l7002                                      
l7004                                      
l7012                                      
l7028                                      
l7030                                      
l7034                                      
l7036                                      
l7038                                      
l7040                                      
l7042                                      
l7046                                      
l7056                                      
l7058                                      
l7060                                      
l7066                                      
l7068                                      
l7078                                      
l7080                                      
l7082                                      
l7084                                      
l7086                                      
l7106                                      
l7108                                      
l7112                                      
l7118                                      
l7122                                      
l7124                                      
l7126                                      
l7128                                      
l7130                                      
l7138                                      
l7140                                      
l7144                                      
l7150                                      
l7154                                      
l7156                                      
l7158                                      
l7160                                      
l7170                                      
l7174                                      
l7176                                      
l7178                                      
l7184                                      
l7198                                      
l7200                                      
l7202                                      
l852                                       
l855                                       
l858                                       
l864                                       
l867                                       
l876                                       
l879                                       
main@acXOld                cstackBANK0  032
main@acXsum                cstackBANK0  03B
main@acYOld                cstackBANK0  031
main@acYsum                cstackBANK0  039
main@buf                   cstackBANK0  033
main@isFall                cstackBANK0  02F
main@isSw                  cstackBANK0  03D
main@isWait                cstackBANK0  02D
main@lostDetect            cstackBANK0  030
main@tmp16                 cstackBANK0  03E
main@tmp8                  cstackBANK0  040
reset_vec                  reset_vec    000
saved_w                    (abs)        07E
setState@_tOut             cstackBANK0  020
setState@stt               cstackBANK0  022
start                      init         00A
start_initialization       cinit        6A0
swI2C_ReadByte@Ack         cstackBANK0  021
swI2C_ReadByte@dat         cstackBANK0  022
swI2C_ReadByte@i           cstackBANK0  023
swI2C_WriteByte@dat        cstackBANK0  021
swI2C_WriteByte@i          cstackBANK0  022
wtemp0                     (abs)        07E
